╭───( Nodekit-v0.0.0-test )─────────────────────────────────────────────────────Status───╮
│ Latest Round: 1337                                                             SYNCING │
│                                                                               P2P: YES │
│ -- 0 round average --                                                                  │
│ Round time: --                                                                0 B/s TX │
│ TPS: --                                                                       0 B/s RX │
╰────────────────────────────────────────────────────────────────────────────────────────╯