╭──Register Online─────────────────────────────────────────╮
│                                                          │
│ Sign this transaction to register your account as online │
│                                                          │
│    QR code is available but it does not fit on screen.   │
│     Adjust terminal dimensions/font size to display.     │
│                                                          │
│            Or press S to switch to Link view.            │
│                                                          │
╰─────────────────────────────────────( (esc) go back )────╯