╭──Accounts────────────────────────────────────────────────────────────────────╮
│ Account        Status         Rewards        Expires        Balance          │
│───────────────────────────────────────────────────────────────────────────   │
│ ABC            IDLE                          N/A            0                │
│ EXPIRED        IDLE                          N/A            0                │
│                                                                              │
│                                                                              │
│                                                                              │
│                                                                              │
│                                                                              │
│                                                                              │
│                                                                              │
│                                                                              │
│                                                                              │
│                                                                              │
│                                                                              │
│                                                                              │
│                                                                              │
│                                                                              │
│                                                                              │
│                                                                              │
│                                                                              │
│                                                                              │
│                                                                              │
│                                                                              │
│                                                                              │
│                                                                              │
│                                                                              │
│                                                                              │
│                                                                              │
│                                                                              │
│                                                                              │
│                                                                              │
│                                                                              │
│                                                                              │
│                                                                              │
│                                                                              │
│                                                                              │
│                                                                              │
╰────( Insufficient Data )─────────────────────────| -> | accounts | keys |────╯